componenst/ul/chart.tsx(109,3): error TS2339: Property 'payload' does not exist on type 'Omit<Props<ValueType, NameType>, PropertiesReadFromContext> & { active?: boolean; allowEscapeViewBox?: AllowInDimension; ... 24 more ...; wrapperStyle?: CSSProperties; } & ClassAttributes<...> & HTMLAttributes<...> & { ...; }'.
componenst/ul/chart.tsx(114,3): error TS2339: Property 'label' does not exist on type 'Omit<Props<ValueType, NameType>, PropertiesReadFromContext> & { active?: boolean; allowEscapeViewBox?: AllowInDimension; ... 24 more ...; wrapperStyle?: CSSProperties; } & ClassAttributes<...> & HTMLAttributes<...> & { ...; }'.
componenst/ul/chart.tsx(260,39): error TS2344: Type '"payload" | "verticalAlign"' does not satisfy the constraint '"string" | "filter" | "fill" | "values" | "children" | "id" | "className" | "suppressHydrationWarning" | "color" | "height" | "lang" | "max" | "media" | "method" | "min" | "name" | ... 421 more ... | "portal"'.
  Type '"payload"' is not assignable to type '"string" | "filter" | "fill" | "values" | "children" | "id" | "className" | "suppressHydrationWarning" | "color" | "height" | "lang" | "max" | "media" | "method" | "min" | "name" | ... 421 more ... | "portal"'.
componenst/ul/chart.tsx(266,17): error TS2339: Property 'length' does not exist on type 'unknown'.
componenst/ul/chart.tsx(278,16): error TS2339: Property 'map' does not exist on type 'unknown'.
componenst/ul/resizable.tsx(12,51): error TS2339: Property 'PanelGroup' does not exist on type 'typeof import("D:/2025/backup paroquia/Paroquia Santo Andr\u00E9/node_modules/react-resizable-panels/dist/react-resizable-panels")'.
componenst/ul/resizable.tsx(14,25): error TS2339: Property 'PanelGroup' does not exist on type 'typeof import("D:/2025/backup paroquia/Paroquia Santo Andr\u00E9/node_modules/react-resizable-panels/dist/react-resizable-panels")'.
componenst/ul/resizable.tsx(35,51): error TS2339: Property 'PanelResizeHandle' does not exist on type 'typeof import("D:/2025/backup paroquia/Paroquia Santo Andr\u00E9/node_modules/react-resizable-panels/dist/react-resizable-panels")'.
componenst/ul/resizable.tsx(39,25): error TS2339: Property 'PanelResizeHandle' does not exist on type 'typeof import("D:/2025/backup paroquia/Paroquia Santo Andr\u00E9/node_modules/react-resizable-panels/dist/react-resizable-panels")'.
componenst/ul/resizable.tsx(52,26): error TS2339: Property 'PanelResizeHandle' does not exist on type 'typeof import("D:/2025/backup paroquia/Paroquia Santo Andr\u00E9/node_modules/react-resizable-panels/dist/react-resizable-panels")'.
componenst/ul/sidebar.tsx(20,26): error TS2307: Cannot find module './skeleton' or its corresponding type declarations.
